213.177.225.150 avery.globat.com - [08/May/2006:01:56:59 -0700] "GET /graph_gallery.html HTTP/1.1" 200 11981 "-" "Mozilla/4.0 (compatible; MSIE 6.0; Windows NT 5.1; SV1; .NET CLR 1.1.4322)"
194.70.52.62 avery.globat.com - [08/May/2006:01:46:00 -0700] "GET /themes/8/style3.css HTTP/1.0" 200 3103 "http://www.diskviz.com/" "Mozilla/4.0 (compatible; MSIE 6.0; Windows NT 5.1; SV1; .NET CLR 1.1.4322; .NET CLR 2.0.50727)"
213.177.225.150 avery.globat.com - [08/May/2006:01:57:00 -0700] "GET /themes/8/style3.css HTTP/1.1" 200 3103 "-" "Mozilla/4.0 (compatible; MSIE 6.0; Windows NT 5.1; SV1; .NET CLR 1.1.4322)"
65.54.188.137 avery.globat.com - [08/May/2006:04:24:16 -0700] "GET /Refund.html HTTP/1.0" 200 9402 "-" "msnbot/1.0 (+http://search.msn.com/msnbot.htm)"
66.249.72.39 avery.globat.com - [08/May/2006:02:02:39 -0700] "GET /refund.html HTTP/1.1" 400 9430 "-" "Mozilla/5.0 (compatible; Googlebot/2.1; +http://www.google.com/bot.html)"
66.249.72.39 avery.globat.com - [08/May/2006:01:07:55 -0700] "GET /buy.php HTTP/1.1" 200 13021 "-" "Mozilla/5.0 (compatible; Googlebot/2.1; +http://www.google.com/bot.html)"
213.177.225.150 avery.globat.com - [08/May/2006:01:57:00 -0700] "GET /images/logo.gif HTTP/1.1" 200 1305 "-" "Mozilla/4.0 (compatible; MSIE 6.0; Windows NT 5.1; SV1; .NET CLR 1.1.4322)"
82.37.77.222 avery.globat.com - [08/May/2006:03:26:53 -0700] "GET / HTTP/1.1" 200 10529 "http://pagead2.googlesyndication.com/pagead/ads?client=ca-pub-4650063110377924&dt=1147083842804&lmt=1147083842&alternate_ad_url=http%3A%2F%2Fwww.8bestsites.com%2Fgoogle_adsense_script.html&prev_fmts=336x280_as&format=336x280_as&output=html&channel=6205881374&pv_ch=6205881374%2B&url=http%3A%2F%2Fwww.8bestsites.com%2Ffeedback%2F44%2F&color_bg=FFFFFF&color_text=000000&color_link=0000FF&color_url=000000&color_border=FFFFFF&ad_type=text&ref=http%3A%2F%2Fwww.google.com%2Fsearch%3Fhl%3Den%26lr%3D%26rls%3DGGLG%252CGGLG%253A2005-45%252CGGLG%253Aen%26q%3Dfeedback%2Bon%2Bthere%2Bjob%26btnG%3DSearch&cc=100&u_h=768&u_w=1024&u_ah=734&u_aw=1024&u_cd=32&u_tz=60&u_his=12&u_java=true" "Mozilla/4.0 (compatible; MSIE 6.0; Windows NT 5.1; SV1; generic_01_01)"
82.37.77.222 avery.globat.com - [08/May/2006:03:26:54 -0700] "GET /themes/8/style3.css HTTP/1.1" 200 3103 "http://www.diskviz.com/" "Mozilla/4.0 (compatible; MSIE 6.0; Windows NT 5.1; SV1; generic_01_01)"
82.37.77.222 avery.globat.com - [08/May/2006:03:26:54 -0700] "GET /themes/8/images3/spacer.gif HTTP/1.1" 200 43 "http://www.diskviz.com/" "Mozilla/4.0 (compatible; MSIE 6.0; Windows NT 5.1; SV1; generic_01_01)"
66.249.72.39 avery.globat.com - [08/May/2006:03:40:07 -0700] "GET /link_checker.html HTTP/1.1" 200 11171 "-" "Mozilla/5.0 (compatible; Googlebot/2.1; +http://www.google.com/bot.html)"
65.54.188.137 avery.globat.com - [08/May/2006:04:24:16 -0700] "GET /robots.txt HTTP/1.0" 404 0 "-" "msnbot/1.0 (+http://search.msn.com/msnbot.htm)"
65.144.251.162 avery.globat.com - [08/May/2006:04:28:55 -0700] "GET /graph_gallery.html HTTP/1.1" 200 11981 "-" "Mozilla/4.0 (compatible; MSIE 6.0; Windows NT 5.1; SV1; .NET CLR 1.0.3705; .NET CLR 1.1.4322; .NET CLR 2.0.50727)"
65.144.251.162 avery.globat.com - [08/May/2006:04:29:01 -0700] "GET /themes/8/style3.css HTTP/1.1" 304 - "http://www.diskviz.com/graph_gallery.html" "Mozilla/4.0 (compatible; MSIE 6.0; Windows NT 5.1; SV1; .NET CLR 1.0.3705; .NET CLR 1.1.4322; .NET CLR 2.0.50727)"
66.249.72.39 avery.globat.com - [08/May/2006:04:54:32 -0700] "GET /graph_gallery.html HTTP/1.1" 200 12009 "-" "Mozilla/5.0 (compatible; Googlebot/2.1; +http://www.google.com/bot.html)"
66.249.72.39 avery.globat.com - [08/May/2006:05:06:27 -0700] "GET /DiskViz-Setup.exe HTTP/1.1" 200 1900204 "-" "Mozilla/5.0 (compatible; Googlebot/2.1; +http://www.google.com/bot.html)"
65.54.188.137 avery.globat.com - [08/May/2006:05:29:02 -0700] "GET /robots.txt HTTP/1.0" 404 0 "-" "msnbot/1.0 (+http://search.msn.com/msnbot.htm)"
130.88.7.133 avery.globat.com - [08/May/2006:05:57:14 -0700] "GET /graph_gallery.html HTTP/1.1" 200 12009 "http://pagead2.googlesyndication.com/pagead/ads?client=ca-pub-5621787788085534&dt=1147093010078&lmt=1147093009&prev_fmts=336x280_as&format=468x60_as&output=html&channel=1222860064&url=http%3A%2F%2Fwww.freelance-help.com%2Fgoogle-ranking-report%2Fpagerank-checker.php%3Furl%3Dhttp%253A%252F%252Fwww.webmasterworld.com%252Fprofile.cgi&color_bg=FFFFFF&color_text=000000&color_link=990000&color_url=CCCCCC&color_border=FFFFFF&ad_type=text&ref=http%3A%2F%2Fwww.freelance-help.com%2Fgoogle-ranking-report%2Fpagerank-checker.php%3Furl%3Dhttp%253A%252F%252Fwww.webmasterworld.com%252Fprofile.cgi%253Faction%253Dview%2526member%253Dencyclo&cc=100&u_h=768&u_w=1024&u_ah=740&u_aw=1024&u_cd=32&u_tz=60&u_his=5&u_java=true&u_nplug=18&u_nmime=56" "Mozilla/5.0 (Windows; U; Windows NT 5.1; en-GB; rv:1.8) Gecko/20051111 Firefox/1.5"
130.88.7.133 avery.globat.com - [08/May/2006:05:57:15 -0700] "GET /themes/8/style3.css HTTP/1.1" 200 3103 "http://www.diskviz.com/graph_gallery.html" "Mozilla/5.0 (Windows; U; Windows NT 5.1; en-GB; rv:1.8) Gecko/20051111 Firefox/1.5"
130.88.7.133 avery.globat.com - [08/May/2006:05:57:16 -0700] "GET /themes/8/images3/bg.gif HTTP/1.1" 200 45 "http://www.diskviz.com/themes/8/style3.css" "Mozilla/5.0 (Windows; U; Windows NT 5.1; en-GB; rv:1.8) Gecko/20051111 Firefox/1.5"
66.249.72.39 avery.globat.com - [08/May/2006:06:20:23 -0700] "GET /img-top.html HTTP/1.1" 200 9083 "-" "Mozilla/5.0 (compatible; Googlebot/2.1; +http://www.google.com/bot.html)"
69.243.39.32 avery.globat.com - [08/May/2006:06:32:05 -0700] "GET /globat/webstats/ HTTP/1.1" 200 729 "-" "Mozilla/4.0 (compatible; MSIE 6.0; Windows NT 5.1; SV1; .NET CLR 1.1.4322; .NET CLR 2.0.50727)"
65.54.188.138 avery.globat.com - [08/May/2006:07:03:01 -0700] "GET /robots.txt HTTP/1.0" 404 0 "-" "msnbot/1.0 (+http://search.msn.com/msnbot.htm)"
65.54.188.138 avery.globat.com - [08/May/2006:07:03:01 -0700] "GET /img-graph-wrong.html HTTP/1.0" 200 9539 "-" "msnbot/1.0 (+http://search.msn.com/msnbot.htm)"
86.128.125.109 avery.globat.com - [08/May/2006:07:10:11 -0700] "GET /graph_gallery.html HTTP/1.1" 200 11981 "http://pagead2.googlesyndication.com/pagead/ads?client=ca-pub-3081717223283696&dt=1147097367743&lmt=1147097367&format=468x60_as&output=html&channel=5069332779&url=http%3A%2F%2Fwww.onestopwebmasters.com%2Fmetataggenerator.php&color_bg=FFFFFF&color_text=000000&color_link=0000FF&color_url=008000&color_border=0066CC&ad_type=text_image&ref=http%3A%2F%2Fwww.onestopwebmasters.com%2F&cc=1442&u_h=800&u_w=1280&u_ah=770&u_aw=1280&u_cd=32&u_tz=60&u_his=15&u_java=true" "Mozilla/4.0 (compatible; MSIE 6.0; Windows NT 5.1; SV1; .NET CLR 1.1.4322)"
86.128.125.109 avery.globat.com - [08/May/2006:07:10:14 -0700] "GET /themes/8/style3.css HTTP/1.1" 200 3103 "http://www.diskviz.com/graph_gallery.html" "Mozilla/4.0 (compatible; MSIE 6.0; Windows NT 5.1; SV1; .NET CLR 1.1.4322)"
86.128.125.109 avery.globat.com - [08/May/2006:07:10:15 -0700] "GET /themes/8/images3/menu.jpg HTTP/1.1" 200 5639 "http://www.diskviz.com/graph_gallery.html" "Mozilla/4.0 (compatible; MSIE 6.0; Windows NT 5.1; SV1; .NET CLR 1.1.4322)"
86.128.125.109 avery.globat.com - [08/May/2006:07:10:15 -0700] "GET /themes/8/images3/logoplace.jpg HTTP/1.1" 200 2097 "http://www.diskviz.com/graph_gallery.html" "Mozilla/4.0 (compatible; MSIE 6.0; Windows NT 5.1; SV1; .NET CLR 1.1.4322)"
86.128.125.109 avery.globat.com - [08/May/2006:07:21:06 -0700] "GET /themes/8/images3/logoplace.jpg HTTP/1.1" 304 - "http://www.diskviz.com/download.html" "Mozilla/4.0 (compatible; MSIE 6.0; Windows NT 5.1; SV1; .NET CLR 1.1.4322)"
86.128.125.109 avery.globat.com - [08/May/2006:07:26:22 -0700] "GET /graph_gallery.html HTTP/1.1" 400 11981 "-" "Mozilla/4.0 (compatible; MSIE 6.0; Windows NT 5.1; SV1)"
202.83.113.101 avery.globat.com - [08/May/2006:07:26:26 -0700] "GET /themes/8/style3.css HTTP/1.1" 200 3103 "http://www.diskviz.com/graph_gallery.html" "Mozilla/4.0 (compatible; MSIE 6.0; Windows NT 5.1; SV1)"
69.243.39.32 avery.globat.com - [08/May/2006:07:27:07 -0700] "GET /home.php?tvy=1147320000 HTTP/1.1" 200 10280 "-" "Mozilla/4.0 (compatible; MSIE 6.0; Windows NT 5.1; SV1; .NET CLR 1.1.4322; .NET CLR 2.0.50727)"
69.243.39.32 avery.globat.com - [08/May/2006:07:27:08 -0700] "GET /themes/8/style3.css HTTP/1.1" 304 - "http://www.diskviz.com/home.php?tvy=1147320000" "Mozilla/4.0 (compatible; MSIE 6.0; Windows NT 5.1; SV1; .NET CLR 1.1.4322; .NET CLR 2.0.50727)"
69.243.39.32 avery.globat.com - [08/May/2006:07:29:56 -0700] "GET /images3/noname1.jpg HTTP/1.1" 304 - "http://www.diskviz.com/home.php?tvy=1147233600" "Mozilla/4.0 (compatible; MSIE 6.0; Windows NT 5.1; SV1; .NET CLR 1.1.4322; .NET CLR 2.0.50727)"
69.243.39.32 avery.globat.com - [08/May/2006:07:29:56 -0700] "GET /images3/spacer.gif HTTP/1.1" 304 - "http://www.diskviz.com/home.php?tvy=1147233600" "Mozilla/4.0 (compatible; MSIE 6.0; Windows NT 5.1; SV1; .NET CLR 1.1.4322; .NET CLR 2.0.50727)"
72.30.104.210 avery.globat.com - [08/May/2006:07:32:04 -0700] "GET /robots.txt HTTP/1.0" 404 0 "-" "Mozilla/5.0 (compatible; Yahoo! Slurp; http://help.yahoo.com/help/us/ysearch/slurp)"
72.30.110.140 avery.globat.com - [08/May/2006:07:32:04 -0700] "GET /index.html HTTP/1.0" 200 10529 "-" "Mozilla/5.0 (compatible; Yahoo! Slurp; http://help.yahoo.com/help/us/ysearch/slurp)"
207.65.163.99 avery.globat.com - [08/May/2006:08:35:40 -0700] "GET /home.php?tvy=1147233600 HTTP/1.0" 200 14833 "http://us.f513.mail.yahoo.com/ym/ShowLetter?MsgId=4827_4228315_978191_1891_733_0_93792_2339_71937430&Idx=0&YY=45226&y5beta=yes&y5beta=yes&inc=25&order=down&sort=date&pos=0&view=a&head=b&box=Inbox" "Mozilla/5.0 (Windows; U; Windows NT 5.1; en-US; rv:1.8.0.3) Gecko/20060426 Firefox/1.5.0.3"
207.65.163.99 avery.globat.com - [08/May/2006:08:35:41 -0700] "GET /themes/8/style3.css HTTP/1.0" 200 3103 "http://www.diskviz.com/home.php?tvy=1147233600" "Mozilla/5.0 (Windows; U; Windows NT 5.1; en-US; rv:1.8.0.3) Gecko/20060426 Firefox/1.5.0.3"
207.65.163.99 avery.globat.com - [08/May/2006:08:35:41 -0700] "GET /themes/8/images3/bg.gif HTTP/1.0" 200 45 "http://www.diskviz.com/themes/8/style3.css" "Mozilla/5.0 (Windows; U; Windows NT 5.1; en-US; rv:1.8.0.3) Gecko/20060426 Firefox/1.5.0.3"
68.161.236.181 avery.globat.com - [08/May/2006:08:41:48 -0700] "GET / HTTP/1.1" 200 10529 "http://pagead2.googlesyndication.com/pagead/ads?client=ca-pub-3511901939619306&dt=1147102896375&lmt=1147102896&format=468x60_as&output=html&channel=8250090463&url=http%3A%2F%2Fwww.anybrowser.com%2Flinkchecker.html&color_bg=FFFFCC&color_text=000000&color_link=0000FF&color_url=0033FF&color_border=FFCC00&ref=http%3A%2F%2Fwww.anybrowser.com%2F&cc=539&u_h=1024&u_w=1280&u_ah=994&u_aw=1280&u_cd=32&u_tz=-240&u_his=3&u_java=true" "Mozilla/4.0 (compatible; MSIE 6.0; Windows NT 5.1; SV1; .NET CLR 1.1.4322)"
68.161.236.181 avery.globat.com - [08/May/2006:08:41:48 -0700] "GET /themes/8/style3.css HTTP/1.1" 200 3103 "http://www.diskviz.com/" "Mozilla/4.0 (compatible; MSIE 6.0; Windows NT 5.1; SV1; .NET CLR 1.1.4322)"
68.161.236.181 avery.globat.com - [08/May/2006:08:41:49 -0700] "GET /images/logo.gif HTTP/1.1" 200 1305 "http://www.diskviz.com/" "Mozilla/4.0 (compatible; MSIE 6.0; Windows NT 5.1; SV1; .NET CLR 1.1.4322)"
68.161.236.181 avery.globat.com - [08/May/2006:08:41:49 -0700] "GET /images/splash.jpg HTTP/1.1" 200 19917 "http://www.diskviz.com/" "Mozilla/4.0 (compatible; MSIE 6.0; Windows NT 5.1; SV1; .NET CLR 1.1.4322)"
66.249.72.39 avery.globat.com - [08/May/2006:09:03:09 -0700] "GET /img-links.html HTTP/1.1" 200 9088 "-" "Mozilla/5.0 (compatible; Googlebot/2.1; +http://www.google.com/bot.html)"
65.54.188.137 avery.globat.com - [08/May/2006:09:03:38 -0700] "GET /refund.html HTTP/1.0" 200 9402 "-" "msnbot/1.0 (+http://search.msn.com/msnbot.htm)"
69.243.39.32 avery.globat.com - [08/May/2006:09:18:29 -0700] "GET /globat/phpMyAdmin/index.php?pma_username=mohan&pma_password=pl@yb0y HTTP/1.1" 302 0 "-" "Mozilla/4.0 (compatible; MSIE 6.0; Windows NT 5.1; SV1; .NET CLR 1.1.4322; .NET CLR 2.0.50727)"
69.243.39.32 avery.globat.com - [08/May/2006:09:18:30 -0700] "GET /globat/phpMyAdmin/css/phpmyadmin.css.php?lang=en-utf-8&js_frame=right HTTP/1.1" 200 11152 "http://www.diskviz.com/globat/phpMyAdmin/index.php?lang=en-utf-8&server=1&collation_connection=utf8_general_ci" "Mozilla/4.0 (compatible; MSIE 6.0; Windows NT 5.1; SV1; .NET CLR 1.1.4322; .NET CLR 2.0.50727)"
69.243.39.32 avery.globat.com - [08/May/2006:09:18:32 -0700] "GET /globat/phpMyAdmin/index.php?lang=en-utf-8&server=1&collation_connection=utf8_general_ci HTTP/1.1" 200 2908 "-" "Mozilla/4.0 (compatible; MSIE 6.0; Windows NT 5.1; SV1; .NET CLR 1.1.4322; .NET CLR 2.0.50727)"
69.243.39.32 avery.globat.com - [08/May/2006:09:18:33 -0700] "GET /globat/phpMyAdmin/queryframe.php?lang=en-utf-8&server=1&collation_connection=utf8_general_ci&hash=519cfac0b9e5f0f25979461d1d80f2a61147105110 HTTP/1.1" 200 6800 "http://www.diskviz.com/globat/phpMyAdmin/index.php?lang=en-utf-8&server=1&collation_connection=utf8_general_ci" "Mozilla/4.0 (compatible; MSIE 6.0; Windows NT 5.1; SV1; .NET CLR 1.1.4322; .NET CLR 2.0.50727)"
69.243.39.32 avery.globat.com - [08/May/2006:09:18:33 -0700] "GET /globat/phpMyAdmin/css/phpmyadmin.css.php?js_frame=left&js_capable=0&js_isDOM=0&js_isIE4=0 HTTP/1.1" 200 3225 "http://www.diskviz.com/globat/phpMyAdmin/left.php?lang=en-utf-8&server=1&collation_connection=utf8_general_ci&hash=519cfac0b9e5f0f25979461d1d80f2a61147105110" "Mozilla/4.0 (compatible; MSIE 6.0; Windows NT 5.1; SV1; .NET CLR 1.1.4322; .NET CLR 2.0.50727)"
69.243.39.32 avery.globat.com - [08/May/2006:09:19:53 -0700] "GET /globat/phpMyAdmin/index.php?lang=en-utf-8&server=1&collation_connection=utf8_general_ci&old_usr=mohan HTTP/1.1" 200 12397 "http://www.diskviz.com/globat/phpMyAdmin/queryframe.php?lang=en-utf-8&server=1&collation_connection=utf8_general_ci&hash=519cfac0b9e5f0f25979461d1d80f2a61147105110" "Mozilla/4.0 (compatible; MSIE 6.0; Windows NT 5.1; SV1; .NET CLR 1.1.4322; .NET CLR 2.0.50727)"
69.243.39.32 avery.globat.com - [08/May/2006:09:19:53 -0700] "GET /globat/phpMyAdmin/css/phpmyadmin.css.php?lang=en&js_frame=right&js_isDOM=1 HTTP/1.1" 200 11750 "http://www.diskviz.com/globat/phpMyAdmin/index.php?lang=en-utf-8&server=1&collation_connection=utf8_general_ci&old_usr=mohan" "Mozilla/4.0 (compatible; MSIE 6.0; Windows NT 5.1; SV1; .NET CLR 1.1.4322; .NET CLR 2.0.50727)"
68.184.95.9 avery.globat.com - [08/May/2006:09:43:38 -0700] "GET /graph_gallery.html HTTP/1.1" 200 11981 "http://www.google.com/search?sourceid=navclient&ie=UTF-8&rls=GGLD,GGLD:2005-14,GGLD:en&q=broken+links" "Mozilla/4.0 (compatible; MSIE 6.0; Windows NT 5.1; SV1; Tablet PC 1.7; .NET CLR 1.0.3705; .NET CLR 1.1.4322)"
68.184.95.9 avery.globat.com - [08/May/2006:09:43:39 -0700] "GET /themes/8/style3.css HTTP/1.1" 200 3103 "http://www.diskviz.com/graph_gallery.html" "Mozilla/4.0 (compatible; MSIE 6.0; Windows NT 5.1; SV1; Tablet PC 1.7; .NET CLR 1.0.3705; .NET CLR 1.1.4322)"
68.184.95.9 avery.globat.com - [08/May/2006:09:43:39 -0700] "GET /themes/8/images3/bg.gif HTTP/1.1" 200 45 "http://www.diskviz.com/graph_gallery.html" "Mozilla/4.0 (compatible; MSIE 6.0; Windows NT 5.1; SV1; Tablet PC 1.7; .NET CLR 1.0.3705; .NET CLR 1.1.4322)"
69.243.39.32 avery.globat.com - [08/May/2006:10:18:04 -0700] "GET /globat/webstats/ HTTP/1.1" 200 729 "-" "Mozilla/4.0 (compatible; MSIE 6.0; Windows NT 5.1; SV1; .NET CLR 1.1.4322; .NET CLR 2.0.50727)"
69.243.39.32 avery.globat.com - [08/May/2006:10:18:05 -0700] "GET /globat/webstats/index.pl?framename=mainleft HTTP/1.1" 200 8314 "http://www.diskviz.com/globat/webstats/" "Mozilla/4.0 (compatible; MSIE 6.0; Windows NT 5.1; SV1; .NET CLR 1.1.4322; .NET CLR 2.0.50727)"
69.243.39.32 avery.globat.com - [08/May/2006:10:18:05 -0700] "GET /globat/webstats/index.pl?framename=mainright HTTP/1.1" 200 89935 "http://www.diskviz.com/globat/webstats/" "Mozilla/4.0 (compatible; MSIE 6.0; Windows NT 5.1; SV1; .NET CLR 1.1.4322; .NET CLR 2.0.50727)"
66.249.72.39 avery.globat.com - [08/May/2006:10:31:01 -0700] "GET /img-broken.html HTTP/1.1" 200 9085 "-" "Mozilla/5.0 (compatible; Googlebot/2.1; +http://www.google.com/bot.html)"
69.243.39.32 avery.globat.com - [08/May/2006:11:33:36 -0700] "GET /globat/webstats/ HTTP/1.1" 200 729 "-" "Mozilla/4.0 (compatible; MSIE 6.0; Windows NT 5.1; SV1; .NET CLR 1.1.4322; .NET CLR 2.0.50727)"
69.243.39.32 avery.globat.com - [08/May/2006:11:33:37 -0700] "GET /globat/webstats/index.pl?framename=mainleft HTTP/1.1" 200 8314 "http://www.diskviz.com/globat/webstats/" "Mozilla/4.0 (compatible; MSIE 6.0; Windows NT 5.1; SV1; .NET CLR 1.1.4322; .NET CLR 2.0.50727)"
69.243.39.32 avery.globat.com - [08/May/2006:11:33:39 -0700] "GET /globat/webstats/index.pl?framename=mainright HTTP/1.1" 200 90469 "http://www.diskviz.com/globat/webstats/" "Mozilla/4.0 (compatible; MSIE 6.0; Windows NT 5.1; SV1; .NET CLR 1.1.4322; .NET CLR 2.0.50727)"
143.229.138.64 avery.globat.com - [08/May/2006:12:01:35 -0700] "GET /home.php?tvy=1147233600 HTTP/1.1" 200 15216 "http://r03.webmail.aol.com/17385/aol/en-us/mail/display-message.aspx" "Mozilla/5.0 (Windows; U; Windows NT 5.1; en-US; rv:1.7.12) Gecko/20050915 Firefox/1.0.7 (ax)"
143.229.138.64 avery.globat.com - [08/May/2006:12:01:36 -0700] "GET /themes/8/style3.css HTTP/1.1" 200 3103 "http://www.diskviz.com/home.php?tvy=1147233600" "Mozilla/5.0 (Windows; U; Windows NT 5.1; en-US; rv:1.7.12) Gecko/20050915 Firefox/1.0.7 (ax)"
143.229.138.64 avery.globat.com - [08/May/2006:12:01:39 -0700] "GET /images3/noname1.jpg HTTP/1.1" 200 6374 "http://www.diskviz.com/home.php?tvy=1147233600" "Mozilla/5.0 (Windows; U; Windows NT 5.1; en-US; rv:1.7.12) Gecko/20050915 Firefox/1.0.7 (ax)"
143.229.138.64 avery.globat.com - [08/May/2006:12:01:39 -0700] "GET /favicon.ico HTTP/1.1" 404 5 "-" "Mozilla/5.0 (Windows; U; Windows NT 5.1; en-US; rv:1.7.12) Gecko/20050915 Firefox/1.0.7 (ax)"
66.249.72.39 avery.globat.com - [08/May/2006:12:09:36 -0700] "GET /img-graph.html HTTP/1.1" 200 9084 "-" "Mozilla/5.0 (compatible; Googlebot/2.1; +http://www.google.com/bot.html)"
159.218.57.111 avery.globat.com - [08/May/2006:12:10:37 -0700] "GET /?src=overture HTTP/1.1" 200 10529 "http://search.yahoo.com/search?&p=Link+Analysis+software&fr=ieas" "Mozilla/4.0 (compatible; MSIE 6.0; Windows NT 5.1; SV1; .NET CLR 1.1.4322)"
159.218.57.111 avery.globat.com - [08/May/2006:12:10:37 -0700] "GET /themes/8/style3.css HTTP/1.1" 200 3103 "http://www.diskviz.com/?src=overture" "Mozilla/4.0 (compatible; MSIE 6.0; Windows NT 5.1; SV1; .NET CLR 1.1.4322)"
159.218.57.111 avery.globat.com - [08/May/2006:12:10:38 -0700] "GET /themes/8/images3/spacer.gif HTTP/1.1" 200 43 "http://www.diskviz.com/?src=overture" "Mozilla/4.0 (compatible; MSIE 6.0; Windows NT 5.1; SV1; .NET CLR 1.1.4322)"
159.218.57.111 avery.globat.com - [08/May/2006:12:10:38 -0700] "GET /images/logo.gif HTTP/1.1" 200 1305 "http://www.diskviz.com/?src=overture" "Mozilla/4.0 (compatible; MSIE 6.0; Windows NT 5.1; SV1; .NET CLR 1.1.4322)"
159.218.57.111 avery.globat.com - [08/May/2006:12:10:38 -0700] "GET /images3/spacer.gif HTTP/1.1" 200 43 "http://www.diskviz.com/?src=overture" "Mozilla/4.0 (compatible; MSIE 6.0; Windows NT 5.1; SV1; .NET CLR 1.1.4322)"
72.70.227.36 avery.globat.com - [08/May/2006:12:44:16 -0700] "GET /graph_gallery.html HTTP/1.1" 200 11981 "http://pagead2.googlesyndication.com/pagead/ads?client=ca-pub-2290041319472908&dt=1147117422995&lmt=1111294520&format=728x90_as&output=html&url=http%3A%2F%2Fwww.htmlhelp.com%2Ftools%2Fvalidator%2F&color_bg=DFF2FD&color_text=000000&color_link=0000CC&color_url=008000&color_border=DFF2FD&ref=http%3A%2F%2Fsearch.msn.com%2Fresults.aspx%3Fq%3Dhtml%2Bvalidator%26FORM%3DSSRE&cc=100&u_h=768&u_w=1024&u_ah=734&u_aw=1024&u_cd=32&u_tz=-240&u_his=6&u_java=true" "Mozilla/4.0 (compatible; MSIE 6.0; Windows NT 5.1; SV1; .NET CLR 1.1.4322)"
72.70.227.36 avery.globat.com - [08/May/2006:12:44:16 -0700] "GET /themes/8/style3.css HTTP/1.1" 200 3103 "http://www.diskviz.com/graph_gallery.html" "Mozilla/4.0 (compatible; MSIE 6.0; Windows NT 5.1; SV1; .NET CLR 1.1.4322)"
72.70.227.36 avery.globat.com - [08/May/2006:12:44:17 -0700] "GET /images/logo.gif HTTP/1.1" 200 1305 "http://www.diskviz.com/graph_gallery.html" "Mozilla/4.0 (compatible; MSIE 6.0; Windows NT 5.1; SV1; .NET CLR 1.1.4322)"
128.253.19.122 avery.globat.com - [08/May/2006:12:46:26 -0700] "GET /favicon.ico HTTP/1.1" 404 5 "-" "Mozilla/5.0 (Windows; U; Windows NT 5.1; en-US; rv:1.8.0.3) Gecko/20060426 Firefox/1.5.0.3"
69.243.39.32 avery.globat.com - [08/May/2006:12:55:07 -0700] "GET /globat/webstats/ HTTP/1.1" 200 729 "-" "Mozilla/4.0 (compatible; MSIE 6.0; Windows NT 5.1; SV1; .NET CLR 1.1.4322; .NET CLR 2.0.50727)"
69.243.39.32 avery.globat.com - [08/May/2006:12:55:08 -0700] "GET /globat/webstats/index.pl?framename=mainleft HTTP/1.1" 200 8314 "http://www.diskviz.com/globat/webstats/" "Mozilla/4.0 (compatible; MSIE 6.0; Windows NT 5.1; SV1; .NET CLR 1.1.4322; .NET CLR 2.0.50727)"
69.243.39.32 avery.globat.com - [08/May/2006:12:55:09 -0700] "GET /globat/webstats/index.pl?framename=mainright HTTP/1.1" 200 90469 "http://www.diskviz.com/globat/webstats/" "Mozilla/4.0 (compatible; MSIE 6.0; Windows NT 5.1; SV1; .NET CLR 1.1.4322; .NET CLR 2.0.50727)"
128.253.19.122 avery.globat.com - [08/May/2006:12:57:40 -0700] "GET /favicon.ico HTTP/1.1" 404 5 "-" "Mozilla/5.0 (Windows; U; Windows NT 5.1; en-US; rv:1.8.0.3) Gecko/20060426 Firefox/1.5.0.3"
199.216.215.4 avery.globat.com - [08/May/2006:13:01:18 -0700] "GET /home.php?tvy=1147147200 HTTP/1.1" 200 14833 "http://199.216.215.113:3000/WorldClient.dll?Session=NEUQAPG&View=Message&Number=764" "Mozilla/4.0 (compatible; MSIE 6.0; Windows NT 5.1; SV1)"
199.216.215.4 avery.globat.com - [08/May/2006:13:01:18 -0700] "GET /themes/8/style3.css HTTP/1.1" 200 3103 "http://www.diskviz.com/home.php?tvy=1147147200" "Mozilla/4.0 (compatible; MSIE 6.0; Windows NT 5.1; SV1)"
24.30.249.172 avery.globat.com - [08/May/2006:13:07:33 -0700] "GET / HTTP/1.1" 200 10529 "-" "Mozilla/4.0 (compatible; MSIE 6.0; Windows NT 5.1; SV1; .NET CLR 1.1.4322)"
24.30.249.172 avery.globat.com - [08/May/2006:13:07:33 -0700] "GET /themes/8/style3.css HTTP/1.1" 200 3103 "http://www.diskviz.com/" "Mozilla/4.0 (compatible; MSIE 6.0; Windows NT 5.1; SV1; .NET CLR 1.1.4322)"
69.243.39.32 avery.globat.com - [08/May/2006:13:13:11 -0700] "GET / HTTP/1.1" 302 0 "-" "Mozilla/4.0 (compatible; MSIE 6.0; Windows NT 5.1; SV1; .NET CLR 1.1.4322; .NET CLR 2.0.50727)"
69.243.39.32 avery.globat.com - [08/May/2006:13:13:11 -0700] "GET /src/login.php HTTP/1.1" 200 1621 "-" "Mozilla/4.0 (compatible; MSIE 6.0; Windows NT 5.1; SV1; .NET CLR 1.1.4322; .NET CLR 2.0.50727)"
69.243.39.32 avery.globat.com - [08/May/2006:13:16:40 -0700] "GET /themes/8/images3/sloganplace.jpg HTTP/1.1" 304 - "http://www.diskviz.com/home.php?tvy=1147147200" "Mozilla/4.0 (compatible; MSIE 6.0; Windows NT 5.1; SV1; .NET CLR 1.1.4322; .NET CLR 2.0.50727)"
69.243.39.32 avery.globat.com - [08/May/2006:13:16:40 -0700] "GET /themes/8/images3/menu.jpg HTTP/1.1" 304 - "http://www.diskviz.com/home.php?tvy=1147147200" "Mozilla/4.0 (compatible; MSIE 6.0; Windows NT 5.1; SV1; .NET CLR 1.1.4322; .NET CLR 2.0.50727)"
69.243.39.32 avery.globat.com - [08/May/2006:13:16:40 -0700] "GET /countdown.js HTTP/1.1" 304 - "http://www.diskviz.com/home.php?tvy=1147147200" "Mozilla/4.0 (compatible; MSIE 6.0; Windows NT 5.1; SV1; .NET CLR 1.1.4322; .NET CLR 2.0.50727)"
69.243.39.32 avery.globat.com - [08/May/2006:13:16:40 -0700] "GET /images/splash.jpg HTTP/1.1" 304 - "http://www.diskviz.com/home.php?tvy=1147147200" "Mozilla/4.0 (compatible; MSIE 6.0; Windows NT 5.1; SV1; .NET CLR 1.1.4322; .NET CLR 2.0.50727)"
69.243.39.32 avery.globat.com - [08/May/2006:13:16:40 -0700] "GET /images3/noname1.jpg HTTP/1.1" 304 - "http://www.diskviz.com/home.php?tvy=1147147200" "Mozilla/4.0 (compatible; MSIE 6.0; Windows NT 5.1; SV1; .NET CLR 1.1.4322; .NET CLR 2.0.50727)"
69.243.39.32 avery.globat.com - [08/May/2006:13:16:40 -0700] "GET /images3/spacer.gif HTTP/1.1" 304 - "http://www.diskviz.com/home.php?tvy=1147147200" "Mozilla/4.0 (compatible; MSIE 6.0; Windows NT 5.1; SV1; .NET CLR 1.1.4322; .NET CLR 2.0.50727)"
64.42.217.69 avery.globat.com - [08/May/2006:13:35:32 -0700] "GET / HTTP/1.1" 200 10557 "http://www.download.com/DiskViz-Link-Checker/3000-2181_4-10526151.html?tag=lst-0-4" "Mozilla/5.0 (Windows; U; Windows NT 5.1; en-US; rv:1.8.0.3) Gecko/20060426 Firefox/1.5.0.3"
64.42.217.69 avery.globat.com - [08/May/2006:13:35:32 -0700] "GET /themes/8/style3.css HTTP/1.1" 200 3103 "http://www.diskviz.com/" "Mozilla/5.0 (Windows; U; Windows NT 5.1; en-US; rv:1.8.0.3) Gecko/20060426 Firefox/1.5.0.3"
64.42.217.69 avery.globat.com - [08/May/2006:13:35:33 -0700] "GET /images/logo.gif HTTP/1.1" 200 1305 "http://www.diskviz.com/" "Mozilla/5.0 (Windows; U; Windows NT 5.1; en-US; rv:1.8.0.3) Gecko/20060426 Firefox/1.5.0.3"
64.42.217.69 avery.globat.com - [08/May/2006:13:35:33 -0700] "GET /themes/8/images3/bg.gif HTTP/1.1" 200 45 "http://www.diskviz.com/themes/8/style3.css" "Mozilla/5.0 (Windows; U; Windows NT 5.1; en-US; rv:1.8.0.3) Gecko/20060426 Firefox/1.5.0.3"
64.42.217.69 avery.globat.com - [08/May/2006:13:35:33 -0700] "GET /themes/8/images3/spacer.gif HTTP/1.1" 200 43 "http://www.diskviz.com/" "Mozilla/5.0 (Windows; U; Windows NT 5.1; en-US; rv:1.8.0.3) Gecko/20060426 Firefox/1.5.0.3"
69.243.39.32 avery.globat.com - [08/May/2006:13:40:46 -0700] "GET /globat/webstats/ HTTP/1.1" 200 729 "-" "Mozilla/4.0 (compatible; MSIE 6.0; Windows NT 5.1; SV1; .NET CLR 1.1.4322; .NET CLR 2.0.50727)"
69.243.39.32 avery.globat.com - [08/May/2006:13:40:47 -0700] "GET /globat/webstats/index.pl?framename=mainleft HTTP/1.1" 200 8314 "http://www.diskviz.com/globat/webstats/" "Mozilla/4.0 (compatible; MSIE 6.0; Windows NT 5.1; SV1; .NET CLR 1.1.4322; .NET CLR 2.0.50727)"
69.243.39.32 avery.globat.com - [08/May/2006:13:40:48 -0700] "GET /globat/webstats/index.pl?framename=mainright HTTP/1.1" 200 90469 "http://www.diskviz.com/globat/webstats/" "Mozilla/4.0 (compatible; MSIE 6.0; Windows NT 5.1; SV1; .NET CLR 1.1.4322; .NET CLR 2.0.50727)"
68.196.183.200 avery.globat.com - [08/May/2006:13:49:18 -0700] "GET /themes/8/style3.css HTTP/1.1" 200 3103 "http://www.diskviz.com/graph_gallery.html" "Mozilla/4.0 (compatible; MSIE 6.0; Windows NT 5.1; iOpus-I-M; SV1; .NET CLR 1.0.3705; .NET CLR 1.1.4322; .NET CLR 2.0.50727)"
68.196.183.200 avery.globat.com - [08/May/2006:13:49:19 -0700] "GET /images/logo.gif HTTP/1.1" 200 1305 "http://www.diskviz.com/graph_gallery.html" "Mozilla/4.0 (compatible; MSIE 6.0; Windows NT 5.1; iOpus-I-M; SV1; .NET CLR 1.0.3705; .NET CLR 1.1.4322; .NET CLR 2.0.50727)"
68.196.183.200 avery.globat.com - [08/May/2006:13:49:19 -0700] "GET /themes/8/images3/spacer.gif HTTP/1.1" 200 43 "http://www.diskviz.com/graph_gallery.html" "Mozilla/4.0 (compatible; MSIE 6.0; Windows NT 5.1; iOpus-I-M; SV1; .NET CLR 1.0.3705; .NET CLR 1.1.4322; .NET CLR 2.0.50727)"
68.196.183.200 avery.globat.com - [08/May/2006:13:49:19 -0700] "GET /themes/8/images3/sloganplace.jpg HTTP/1.1" 200 18805 "http://www.diskviz.com/graph_gallery.html" "Mozilla/4.0 (compatible; MSIE 6.0; Windows NT 5.1; iOpus-I-M; SV1; .NET CLR 1.0.3705; .NET CLR 1.1.4322; .NET CLR 2.0.50727)"
68.196.183.200 avery.globat.com - [08/May/2006:13:49:19 -0700] "GET /images/graph/graph1-s.JPG HTTP/1.1" 200 11813 "http://www.diskviz.com/graph_gallery.html" "Mozilla/4.0 (compatible; MSIE 6.0; Windows NT 5.1; iOpus-I-M; SV1; .NET CLR 1.0.3705; .NET CLR 1.1.4322; .NET CLR 2.0.50727)"
68.196.183.200 avery.globat.com - [08/May/2006:13:49:19 -0700] "GET /themes/8/images3/logoplace.jpg HTTP/1.1" 200 2097 "http://www.diskviz.com/graph_gallery.html" "Mozilla/4.0 (compatible; MSIE 6.0; Windows NT 5.1; iOpus-I-M; SV1; .NET CLR 1.0.3705; .NET CLR 1.1.4322; .NET CLR 2.0.50727)"
68.196.183.200 avery.globat.com - [08/May/2006:13:49:19 -0700] "GET /themes/8/images3/bg.gif HTTP/1.1" 200 45 "http://www.diskviz.com/graph_gallery.html" "Mozilla/4.0 (compatible; MSIE 6.0; Windows NT 5.1; iOpus-I-M; SV1; .NET CLR 1.0.3705; .NET CLR 1.1.4322; .NET CLR 2.0.50727)"
66.249.72.39 avery.globat.com - [08/May/2006:14:05:08 -0700] "GET /img-graph1.html HTTP/1.1" 200 9078 "-" "Mozilla/5.0 (compatible; Googlebot/2.1; +http://www.google.com/bot.html)"
68.196.183.200 avery.globat.com - [08/May/2006:13:49:18 -0700] "GET /Graph_gallery.html HTTP/1.1" 200 11981 "http://pagead2.googlesyndication.com/pagead/ads?client=ca-pub-2351736603135353&dt=1147121340275&lmt=1147121340&format=468x60_as&output=html&url=http%3A%2F%2Fwww.free-php.org.uk%2Ffree2.php&color_bg=FFFFFF&color_text=000000&color_link=0000FF&color_url=0000FF&color_border=FFFFFF&ad_type=text_image&ref=http%3A%2F%2Fwww.free-php.org.uk%2Fwebsites.php&cc=100&u_h=864&u_w=1152&u_ah=834&u_aw=1152&u_cd=32&u_tz=-240&u_his=14&u_java=true" "Mozilla/4.0 (compatible; MSIE 6.0; Windows NT 5.1; iOpus-I-M; SV1; .NET CLR 1.0.3705; .NET CLR 1.1.4322; .NET CLR 2.0.50727)"
